map

name transmodel_connexxion
status on
extent 12000 304000 280000 620000
units meters
imagecolor 255 255 255
fontset "fonts/fonts.list"

web
  metadata
    "wms_title"				"Transmodel Connexxion"
    "wfs_title"				"Transmodel Connexxion"
    "wms_onlineresource"		"http://public-wms.kaartenbalie.nl/wms/transmodel_connexxion_edit"
    "wfs_onlineresource"		"http://public-wms.kaartenbalie.nl/wms/transmodel_connexxion_edit"
    "wms_srs"				"EPSG:28992"
    "wfs_srs"				"EPSG:28992"
    "wfs_extent"			"12000 304000 280000 620000"
    "ows_schemas_location"		"http://schemas.opengeospatial.net"
  end
end

projection
  "init=epsg:28992" 
end

outputformat
  name png
  driver "GD/PNG"
  mimetype "image/png"
  imagemode RGBA
  extension "png"
  transparent on
end

legend
  status on
  position lr
  transparent true
  
  label
    type truetype
    font "verdana"
    antialias false # werkt niet
    size 8
    color 0 0 0
  end    
end

symbol
  name "circle"
  type ellipse
  filled true
  points 1 1 end
end

symbol
  name "pijl"
  type truetype
  font "arial"
  character ">"
  antialias true
  gap -50
end

layer
  name buslijnen
  metadata
    "wms_title" "buslijnen"
    "gml_include_items" "all"
  end
  type line
  dump true
  template bla  
  status off
  connectiontype postgis
  connection "host=localhost dbname=transmodel_060609 password=transmodel port=5432 user=transmodel"
  data "the_geom from (select j.oid,l.name,l.publicnumber,j.lineplanningnumber,j.code,j.destinationcode,j.direction,j.the_geom from jopa j left join line l on (j.lineplanningnumber = l.planningnumber)) as bla using srid=28992"
  projection
    "init=epsg:28992"
  end
  labelitem "publicnumber"
  class 
    name ""
    style      
	color 255 0 0
	symbol "circle"
	size 3
    end
    #style
    #	color 255 0 0
    #   symbol "pijl"
    #   size 20
    #end
  end		
  processing "CLOSE_CONNECTION=DEFER"
end

layer
  name bushaltes_symbol
  metadata
    "wms_title" "bushaltes_symbol"
    "gml_include_items" "all"
    "gml_exclude_items" "oid"        
    "wfs_title" "bushaltes"
    "wfs_srs"  "EPSG:28992"
    "gml_featureid" "oid"
  end
  group bushaltes
  type point
  dump true
  template bla  
  tolerance 6
  status off
  connectiontype postgis
  connection "host=localhost dbname=transmodel_060609 password=transmodel port=5432 user=transmodel"
  data "point_geom from (select oid,point_geom,name,code,dataowner,validfrom from point where name is not null) as bla using srid=28992"
  projection
    "init=epsg:28992"
  end
  labelitem "name"  
  class 
    name ""
    style      
      symbol "bushalte.gif"      
    end 
  end
  processing "CLOSE_CONNECTION=DEFER"
end

layer
  name bushaltes_labels
  metadata
    "wms_title" "bushaltes_labels"
    "gml_include_items" "all"
  end
  group bushaltes
  type point
  dump false
  template bla  
  status off
  connectiontype postgis
  connection "host=localhost dbname=transmodel_060609 password=transmodel port=5432 user=transmodel"
  data "point_geom from (select oid,point_geom,name from point where name is not null) as bla using srid=28992"
  projection
    "init=epsg:28992"
  end
  maxscale 25000
  labelitem "name"    
  class 
    style
    end
    label
        type truetype
        font "arial"
        antialias true
        size 8
        color 2 2 2
        outlinecolor 255 255 255
        buffer 2
	force true
	position auto
    end  
  end
  processing "CLOSE_CONNECTION=DEFER"
end

layer
  name triggerpunten
  metadata
    "wms_title" "triggerpunten"
    "gml_include_items" "all"     
    "wfs_title" "triggerpunten"
    "wfs_srs"  "EPSG:28992"
    "gml_featureid" "id"
  end
  type point
  dump true
  template bla
  tolerance 10  
  status off
  connectiontype postgis
  connection "host=localhost dbname=geo_ov password=YYPlDvZMkrOyYFB94rZ port=5432 user=geo_ov"
  data "location from (select id,command_type,location from activation) as bla using srid=28992 using unique id"
  projection
    "init=epsg:28992"
  end
  classitem "command_type"
  class 
    name "Onbekend"
    expression ""
    style      
      symbol "radio_zwart.gif"      
    end 
  end  
  class 
    name "Inmeldpunt"
    expression "1"
    style      
      symbol "radio_groen.gif"      
    end 
  end
  class 
    name "Uitmeldpunt"
    expression "2"
    style      
      symbol "radio_rood.gif"      
    end 
  end
  class 
    name "Vooraanmeldpunt"
    expression "3"
    style      
      symbol "radio_blauw.gif"      
    end 
  end
  
  processing "CLOSE_CONNECTION=DEFER"
end

layer
  name walapparatuur
  metadata
    "wms_title" "walapparatuur"
    "gml_include_items" "all"     
    "wfs_title" "walapparatuur"
    "wfs_srs"  "EPSG:28992"
    "gml_featureid" "id"
  end
  type point
  dump true
  template bla
  tolerance 10  
  status off
  connectiontype postgis
  connection "host=localhost dbname=geo_ov password=YYPlDvZMkrOyYFB94rZ port=5432 user=geo_ov"
  data "location from (select id,type,unit_number,location from roadside_equipment) as bla using srid=28992 using unique id"
  projection
    "init=epsg:28992"
  end
  classitem "type"
  labelitem unit_number
  CLASS 
    NAME "VRI"
    expression "CROSS"
    style      
      symbol "vri.gif"      
    end 
    label
        type truetype
        font "arial"
        antialias true
        size 10
        color 255 255 255
        outlinecolor 0 150 0
        offset -3 -3
	position ur
    end      
  end  
  class 
    name "Selectieve afsluiting"
    expression "CLOSE"
    style      
      symbol "close.gif"      
    end 
    label
        type truetype
        font "arial"
        antialias true
        size 10
        color 255 255 255
        outlinecolor 0 150 0
        offset -2 -2
	position ur
    end      
  end
  class 
    name "Halteprocessor"
    expression "PIU"
    style      
      symbol "piu.gif"      
    end 
    label
        type truetype
        font "arial"
        antialias true
        size 10
        color 255 255 255
        outlinecolor 0 150 0
        offset -2 -2
	position ur
    end     
  end
  
  processing "CLOSE_CONNECTION=DEFER"
end

layer
  name signaalgroepen
  metadata
    "wms_title" "signaalgroepen"
    "gml_include_items" "all"     
    "wfs_title" "signaalgroepen"
    "wfs_srs"  "EPSG:28992"
    "gml_featureid" "id"
  end
  type point
  dump true
  template bla
  tolerance 10  
  status off
  connectiontype postgis
  connection "host=localhost dbname=geo_ov password=YYPlDvZMkrOyYFB94rZ port=5432 user=geo_ov"
  data "stop_line_location from (select id,kar_signal_group,stop_line_location,case leave_announcement when 'true' then 'ag-rood.gif' else 'ag.gif' end as symbol, case direction_at_intersection when 1 then 'Rechtsaf' when 2 then 'Rechtdoor' when 3 then 'Linksaf' when 4 then 'Rechtsaf, rechtdoor, linksaf' when 5 then 'Rechtsaf, rechtdoor' when 6 then 'Rechtdoor, linksaf' when 7 then 'Linksaf, rechtsaf' else 'Onbekend' end as richting from activation_group) as bla using srid=28992 using unique id"
  projection
    "init=epsg:28992"
  end
  labelitem kar_signal_group
  class 
    name "Signaalgroep"
    style      
      symbol [symbol]
    end
    label
        type truetype
        font "arial"
        antialias true
        size 10
        color 255 255 255
        offset -2 -2
        outlinecolor 0 0 0
	position ur
    end
  end
  
  processing "CLOSE_CONNECTION=DEFER"
end

layer
  name signaalgroepen_legend
  metadata
    "wms_title" "signaalgroepen_legend"
    "gml_include_items" "all"     
    "wfs_title" "signaalgroepen_legend"
    "wfs_srs"  "EPSG:28992"
    "gml_featureid" "id"
  end
  projection
    "init=epsg:28992"
  end  
  type point
  status off
  class
    name "Signaalgroep"
    style      
      symbol ag.gif
    end
  end
  class
    name "Signaalgroep/uitmeldpunt"
    style      
      symbol ag-rood.gif
    end
  end
end

end